BL51 BANKED LINKER/LOCATER V6.22                                                        06/20/2013  09:10:42  PAGE 1


BL51 BANKED LINKER/LOCATER V6.22, INVOKED BY:
C:\KEIL\C51\BIN\BL51.EXE STARTUP.obj, main.obj, LCD.obj, sys.obj, font.obj TO ceshi RAMSIZE (256)


MEMORY MODEL: LARGE


INPUT MODULES INCLUDED:
  STARTUP.obj (?C_STARTUP)
  main.obj (MAIN)
  LCD.obj (LCD)
  sys.obj (SYS)
  font.obj (FONT)
  C:\KEIL\C51\LIB\C51L.LIB (?C?CLDPTR)
  C:\KEIL\C51\LIB\C51L.LIB (?C?IMUL)
  C:\KEIL\C51\LIB\C51L.LIB (?C?IILDX)
  C:\KEIL\C51\LIB\C51L.LIB (?C?LMUL)
  C:\KEIL\C51\LIB\C51L.LIB (?C?ULDIV)
  C:\KEIL\C51\LIB\C51L.LIB (?C?LSTXDATA)
  C:\KEIL\C51\LIB\C51L.LIB (?C?LSTKXDATA)


LINK MAP OF MODULE:  ceshi (?C_STARTUP)


            TYPE    BASE      LENGTH    RELOCATION   SEGMENT NAME
            -----------------------------------------------------

            * * * * * * *   D A T A   M E M O R Y   * * * * * * *
            REG     0000H     0008H     ABSOLUTE     "REG BANK 0"
                    0008H     0018H                  *** GAP ***
            DATA    0020H     0001H     BIT_ADDR     ?BA?LCD
            IDATA   0021H     0001H     UNIT         ?STACK

            * * * * * * *  X D A T A   M E M O R Y  * * * * * * *
            XDATA   0000H     002CH     UNIT         _XDATA_GROUP_
            XDATA   002CH     0004H     UNIT         ?XD?LCD

            * * * * * * *   C O D E   M E M O R Y   * * * * * * *
            CODE    0000H     0003H     ABSOLUTE     
            CODE    0003H     1370H     UNIT         ?CO?FONT
            CODE    1373H     01F7H     UNIT         ?PR?_DRAW_CIRCLE?LCD
            CODE    156AH     01EBH     UNIT         ?PR?_LCD_DRAWLINE?LCD
            CODE    1755H     01B8H     UNIT         ?PR?LCD_INIT?LCD
            CODE    190DH     019BH     UNIT         ?C?LIB_CODE
            CODE    1AA8H     0193H     UNIT         ?PR?_LCD_SHOWCHAR?LCD
            CODE    1C3BH     0109H     UNIT         ?PR?SHOWIMAGE?MAIN
            CODE    1D44H     00E1H     UNIT         ?PR?_LCD_SHOWNUM?LCD
            CODE    1E25H     00CAH     UNIT         ?PR?_SHOWHANZI?LCD
            CODE    1EEFH     00AAH     UNIT         ?PR?_LCD_DRAWRECTANGLE?LCD
            CODE    1F99H     0094H     UNIT         ?PR?_LCD_SHOWSTRING?LCD
            CODE    202DH     0088H     UNIT         ?PR?_LCD_SHOW2NUM?LCD
            CODE    20B5H     0081H     UNIT         ?PR?_LCD_FILL?LCD
            CODE    2136H     0052H     UNIT         ?PR?_LCD_DRAWPOINT?LCD
            CODE    2188H     004CH     UNIT         ?PR?_LCD_DRAWPOINT_BIG?LCD
            CODE    21D4H     0049H     UNIT         ?PR?_MYPOW?LCD
            CODE    221DH     0047H     UNIT         ?PR?_ADDRESS_SET?LCD
            CODE    2264H     0045H     UNIT         ?PR?_LCD_CLEAR?LCD
BL51 BANKED LINKER/LOCATER V6.22                                                      06/20/2013  09:10:42  PAGE 2


            CODE    22A9H     0043H     UNIT         ?PR?_LCD_WRIT_BUS?LCD
            CODE    22ECH     0036H     UNIT         ?PR?XIANSHI?MAIN
            CODE    2322H     0026H     UNIT         ?PR?_DELAYMS?SYS
            CODE    2348H     001EH     UNIT         ?PR?MAIN?MAIN
            CODE    2366H     0015H     UNIT         ?CO?MAIN
            CODE    237BH     0015H     UNIT         ?PR?_LCD_WR_DATA?LCD
            CODE    2390H     0012H     UNIT         ?PR?_LCD_WR_DATA8?LCD
            CODE    23A2H     000CH     UNIT         ?C_C51STARTUP
            CODE    23AEH     000AH     UNIT         ?PR?_LCD_WR_REG_DATA?LCD
            CODE    23B8H     0005H     UNIT         ?PR?_LCD_WR_REG?LCD
            CODE    23BDH     0002H     UNIT         ?CO?LCD



OVERLAY MAP OF MODULE:   ceshi (?C_STARTUP)


SEGMENT                              XDATA_GROUP
  +--> CALLED SEGMENT              START    LENGTH
--------------------------------------------------
?C_C51STARTUP                      -----    -----
  +--> ?PR?MAIN?MAIN

?PR?MAIN?MAIN                      -----    -----
  +--> ?PR?LCD_INIT?LCD
  +--> ?PR?_LCD_CLEAR?LCD
  +--> ?PR?SHOWIMAGE?MAIN

?PR?LCD_INIT?LCD                   -----    -----
  +--> ?PR?_LCD_WR_REG_DATA?LCD
  +--> ?CO?LCD
  +--> ?PR?_LCD_SHOWSTRING?LCD
  +--> ?PR?_LCD_SHOWNUM?LCD
  +--> ?PR?_LCD_SHOW2NUM?LCD
  +--> ?PR?_LCD_DRAWPOINT_BIG?LCD
  +--> ?PR?_LCD_DRAWRECTANGLE?LCD
  +--> ?PR?_DRAW_CIRCLE?LCD
  +--> ?PR?_DELAYMS?SYS
  +--> ?PR?_LCD_WR_REG?LCD
  +--> ?PR?_LCD_WR_DATA8?LCD

?PR?_LCD_WR_REG_DATA?LCD           -----    -----
  +--> ?PR?_LCD_WR_REG?LCD
  +--> ?PR?_LCD_WR_DATA?LCD

?PR?_LCD_WR_REG?LCD                -----    -----
  +--> ?PR?_LCD_WRIT_BUS?LCD

?PR?_LCD_WR_DATA?LCD               -----    -----
  +--> ?PR?_LCD_WRIT_BUS?LCD

?PR?_LCD_SHOWSTRING?LCD            0006H    0007H
  +--> ?PR?_LCD_SHOWCHAR?LCD

?PR?_LCD_SHOWCHAR?LCD              000DH    000CH
  +--> ?PR?_ADDRESS_SET?LCD
  +--> ?CO?FONT
BL51 BANKED LINKER/LOCATER V6.22                                                      06/20/2013  09:10:42  PAGE 3


  +--> ?PR?_LCD_WR_DATA?LCD
  +--> ?PR?_LCD_DRAWPOINT?LCD

?PR?_ADDRESS_SET?LCD               0024H    0008H
  +--> ?PR?_LCD_WR_REG?LCD
  +--> ?PR?_LCD_WR_DATA8?LCD

?PR?_LCD_WR_DATA8?LCD              -----    -----
  +--> ?PR?_LCD_WR_REG?LCD
  +--> ?PR?_LCD_WRIT_BUS?LCD

?PR?_LCD_DRAWPOINT?LCD             -----    -----
  +--> ?PR?_ADDRESS_SET?LCD
  +--> ?PR?_LCD_WR_DATA?LCD

?PR?_LCD_SHOWNUM?LCD               0000H    000CH
  +--> ?PR?_MYPOW?LCD
  +--> ?PR?_LCD_SHOWCHAR?LCD

?PR?_MYPOW?LCD                     000CH    0006H

?PR?_LCD_SHOW2NUM?LCD              0000H    0009H
  +--> ?PR?_MYPOW?LCD
  +--> ?PR?_LCD_SHOWCHAR?LCD

?PR?_LCD_DRAWPOINT_BIG?LCD         -----    -----
  +--> ?PR?_LCD_FILL?LCD

?PR?_LCD_FILL?LCD                  0000H    000CH
  +--> ?PR?_ADDRESS_SET?LCD
  +--> ?PR?_LCD_WR_DATA?LCD

?PR?_LCD_DRAWRECTANGLE?LCD         0000H    0008H
  +--> ?PR?_LCD_DRAWLINE?LCD

?PR?_LCD_DRAWLINE?LCD              0008H    001CH
  +--> ?PR?_LCD_DRAWPOINT?LCD

?PR?_DRAW_CIRCLE?LCD               0000H    000AH
  +--> ?PR?_LCD_DRAWPOINT?LCD

?PR?_LCD_CLEAR?LCD                 0000H    0001H
  +--> ?PR?_ADDRESS_SET?LCD
  +--> ?PR?_LCD_WR_DATA8?LCD

?PR?SHOWIMAGE?MAIN                 0000H    0006H
  +--> ?PR?XIANSHI?MAIN
  +--> ?PR?_ADDRESS_SET?LCD
  +--> ?CO?FONT
  +--> ?PR?_LCD_WR_DATA8?LCD

?PR?XIANSHI?MAIN                   -----    -----
  +--> ?PR?_SHOWHANZI?LCD
  +--> ?CO?MAIN
  +--> ?PR?_LCD_SHOWSTRING?LCD

?PR?_SHOWHANZI?LCD                 0006H    000AH
BL51 BANKED LINKER/LOCATER V6.22                                                      06/20/2013  09:10:42  PAGE 4


  +--> ?CO?FONT
  +--> ?PR?_ADDRESS_SET?LCD
  +--> ?PR?_LCD_WR_DATA?LCD



SYMBOL TABLE OF MODULE:  ceshi (?C_STARTUP)

  VALUE           TYPE          NAME
  ----------------------------------

  -------         MODULE        ?C_STARTUP
  C:23A2H         SEGMENT       ?C_C51STARTUP
  I:0021H         SEGMENT       ?STACK
  C:0000H         PUBLIC        ?C_STARTUP
  D:00E0H         SYMBOL        ACC
  D:00F0H         SYMBOL        B
  D:0083H         SYMBOL        DPH
  D:0082H         SYMBOL        DPL
  N:0000H         SYMBOL        IBPSTACK
  N:0100H         SYMBOL        IBPSTACKTOP
  N:0080H         SYMBOL        IDATALEN
  C:23A5H         SYMBOL        IDATALOOP
  N:0000H         SYMBOL        PBPSTACK
  N:0100H         SYMBOL        PBPSTACKTOP
  N:0000H         SYMBOL        PDATALEN
  N:0000H         SYMBOL        PDATASTART
  N:0000H         SYMBOL        PPAGE
  N:0000H         SYMBOL        PPAGEENABLE
  D:00A0H         SYMBOL        PPAGE_SFR
  D:0081H         SYMBOL        SP
  C:23A2H         SYMBOL        STARTUP1
  N:0000H         SYMBOL        XBPSTACK
  N:0000H         SYMBOL        XBPSTACKTOP
  N:0000H         SYMBOL        XDATALEN
  N:0000H         SYMBOL        XDATASTART
  C:0000H         LINE#         126
  C:23A2H         LINE#         133
  C:23A4H         LINE#         134
  C:23A5H         LINE#         135
  C:23A6H         LINE#         136
  C:23A8H         LINE#         185
  C:23ABH         LINE#         196
  -------         ENDMOD        ?C_STARTUP

  -------         MODULE        MAIN
  C:0000H         SYMBOL        _ICE_DUMMY_
  D:0080H         PUBLIC        P0
  D:0090H         PUBLIC        P1
  C:2348H         PUBLIC        main
  C:1C3BH         PUBLIC        showimage
  C:22ECH         PUBLIC        xianshi
  -------         PROC          XIANSHI
  C:22ECH         LINE#         14
  C:22ECH         LINE#         15
  C:22ECH         LINE#         16
  C:22F4H         LINE#         17
BL51 BANKED LINKER/LOCATER V6.22                                                      06/20/2013  09:10:42  PAGE 5


  C:22FDH         LINE#         18
  C:2306H         LINE#         19
  C:2311H         LINE#         20
  -------         ENDPROC       XIANSHI
  -------         PROC          SHOWIMAGE
  -------         DO            
  X:0000H         SYMBOL        i
  X:0002H         SYMBOL        j
  X:0004H         SYMBOL        k
  -------         ENDDO         
  C:1C3BH         LINE#         22
  C:1C3BH         LINE#         23
  C:1C3BH         LINE#         25
  C:1C3EH         LINE#         26
  C:1C47H         LINE#         27
  C:1C47H         LINE#         28
  C:1C4EH         LINE#         29
  C:1C4EH         LINE#         30
  C:1CA2H         LINE#         31
  C:1CBBH         LINE#         32
  C:1CBBH         LINE#         33
  C:1CD2H         LINE#         34
  C:1CEFH         LINE#         35
  C:1CFFH         LINE#         36
  C:1D21H         LINE#         37
  C:1D43H         LINE#         39
  -------         ENDPROC       SHOWIMAGE
  -------         PROC          MAIN
  C:2348H         LINE#         40
  C:2348H         LINE#         41
  C:2348H         LINE#         42
  C:234BH         LINE#         43
  C:2352H         LINE#         44
  C:2361H         LINE#         45
  C:2364H         LINE#         47
  C:2364H         LINE#         48
  C:2364H         LINE#         55
  -------         ENDPROC       MAIN
  -------         ENDMOD        MAIN

  -------         MODULE        LCD
  C:0000H         SYMBOL        _ICE_DUMMY_
  D:0080H         PUBLIC        P0
  D:0090H         PUBLIC        P1
  C:1D44H         PUBLIC        _LCD_ShowNum
  C:1755H         PUBLIC        Lcd_Init
  B:0090H.5       PUBLIC        LCD_SDA
  C:239DH         PUBLIC        _LCD_WR_DATA8
  B:0090H.7       PUBLIC        LCD_SCK
  C:23AEH         PUBLIC        _LCD_WR_REG_DATA
  C:23B8H         PUBLIC        _LCD_WR_REG
  C:2264H         PUBLIC        _LCD_Clear
  C:202DH         PUBLIC        _LCD_Show2Num
  C:20B5H         PUBLIC        _LCD_Fill
  C:21D4H         PUBLIC        _mypow
  B:0080H.2       PUBLIC        LCD_AO
  C:1373H         PUBLIC        _Draw_Circle
BL51 BANKED LINKER/LOCATER V6.22                                                      06/20/2013  09:10:42  PAGE 6


  B:0080H.0       PUBLIC        LCD_CS
  C:156AH         PUBLIC        _LCD_DrawLine
  C:215EH         PUBLIC        _LCD_DrawPoint
  C:1F99H         PUBLIC        _LCD_ShowString
  C:1AA8H         PUBLIC        _LCD_ShowChar
  C:2380H         PUBLIC        _LCD_WR_DATA
  D:0020H         PUBLIC        bitdata
  C:1EEFH         PUBLIC        _LCD_DrawRectangle
  C:1E25H         PUBLIC        _showhanzi
  C:2188H         PUBLIC        _LCD_DrawPoint_big
  C:22A9H         PUBLIC        _LCD_Writ_Bus
  X:002CH         PUBLIC        POINT_COLOR
  B:0020H.0       PUBLIC        bit0
  B:0020H.1       PUBLIC        bit1
  B:0020H.2       PUBLIC        bit2
  B:0020H.3       PUBLIC        bit3
  X:002EH         PUBLIC        BACK_COLOR
  B:0080H.1       PUBLIC        LCD_REST
  B:0020H.4       PUBLIC        bit4
  B:0020H.5       PUBLIC        bit5
  B:0020H.6       PUBLIC        bit6
  B:0020H.7       PUBLIC        bit7
  C:221DH         PUBLIC        _Address_set
  -------         PROC          _LCD_WRIT_BUS
  D:0007H         SYMBOL        da
  C:22A9H         LINE#         18
  C:22A9H         LINE#         19
  C:22A9H         LINE#         20
  C:22ABH         LINE#         21
  C:22B3H         LINE#         22
  C:22BBH         LINE#         23
  C:22C3H         LINE#         24
  C:22CBH         LINE#         25
  C:22D3H         LINE#         26
  C:22DBH         LINE#         27
  C:22E3H         LINE#         28
  C:22EBH         LINE#         29
  -------         ENDPROC       _LCD_WRIT_BUS
  C:2390H         SYMBOL        L?0115
  C:2393H         SYMBOL        L?0116
  -------         PROC          L?0114
  -------         ENDPROC       L?0114
  C:2390H         SYMBOL        L?0115
  C:2393H         SYMBOL        L?0116
  -------         PROC          _LCD_WR_DATA8
  D:0007H         SYMBOL        da
  C:239DH         LINE#         30
  C:239DH         LINE#         31
  C:239DH         LINE#         32
  C:239FH         LINE#         33
  -------         ENDPROC       _LCD_WR_DATA8
  C:237BH         SYMBOL        L?0118
  -------         PROC          L?0117
  -------         ENDPROC       L?0117
  C:237BH         SYMBOL        L?0118
  -------         PROC          _LCD_WR_DATA
  D:0004H         SYMBOL        da
BL51 BANKED LINKER/LOCATER V6.22                                                      06/20/2013  09:10:42  PAGE 7


  C:2380H         LINE#         35
  C:2384H         LINE#         36
  C:2384H         LINE#         37
  C:2386H         LINE#         38
  C:238BH         LINE#         39
  -------         ENDPROC       _LCD_WR_DATA
  -------         PROC          _LCD_WR_REG
  D:0007H         SYMBOL        da
  C:23B8H         LINE#         41
  C:23B8H         LINE#         42
  C:23B8H         LINE#         43
  C:23BAH         LINE#         44
  -------         ENDPROC       _LCD_WR_REG
  -------         PROC          _LCD_WR_REG_DATA
  D:0006H         SYMBOL        reg
  D:0004H         SYMBOL        da
  C:23AEH         LINE#         46
  C:23AEH         LINE#         47
  C:23AEH         LINE#         48
  C:23B1H         LINE#         49
  -------         ENDPROC       _LCD_WR_REG_DATA
  -------         PROC          _ADDRESS_SET
  X:0024H         SYMBOL        x1
  D:0004H         SYMBOL        y1
  D:0002H         SYMBOL        x2
  X:002AH         SYMBOL        y2
  C:221DH         LINE#         51
  C:2225H         LINE#         52
  C:2225H         LINE#         53
  C:222AH         LINE#         54
  C:2232H         LINE#         55
  C:2238H         LINE#         56
  C:223DH         LINE#         57
  C:2242H         LINE#         59
  C:2247H         LINE#         60
  C:224CH         LINE#         61
  C:2251H         LINE#         62
  C:2259H         LINE#         63
  C:225FH         LINE#         65
  -------         ENDPROC       _ADDRESS_SET
  -------         PROC          LCD_INIT
  C:1755H         LINE#         68
  C:1755H         LINE#         69
  C:1755H         LINE#         72
  C:1757H         LINE#         73
  C:175AH         LINE#         74
  C:175AH         LINE#         75
  C:1762H         LINE#         76
  C:1770H         LINE#         77
  C:1786H         LINE#         78
  C:1794H         LINE#         79
  C:179CH         LINE#         80
  C:17ACH         LINE#         81
  C:17B5H         LINE#         82
  C:17B5H         LINE#         84
  C:17B7H         LINE#         85
  C:17BEH         LINE#         86
BL51 BANKED LINKER/LOCATER V6.22                                                      06/20/2013  09:10:42  PAGE 8


  C:17C0H         LINE#         87
  C:17C7H         LINE#         88
  C:17C9H         LINE#         89
  C:17CBH         LINE#         90
  C:17D2H         LINE#         91
  C:17D4H         LINE#         93
  C:17D9H         LINE#         94
  C:17E0H         LINE#         96
  C:17E2H         LINE#         97
  C:17E2H         LINE#         98
  C:17E2H         LINE#         99
  C:17E5H         LINE#         100
  C:17E7H         LINE#         101
  C:17E7H         LINE#         102
  C:17E7H         LINE#         103
  C:17EAH         LINE#         104
  C:17ECH         LINE#         105
  C:17ECH         LINE#         106
  C:17ECH         LINE#         107
  C:17EFH         LINE#         108
  C:17EFH         LINE#         109
  C:17EFH         LINE#         110
  C:17F2H         LINE#         112
  C:17F7H         LINE#         113
  C:17FCH         LINE#         114
  C:1801H         LINE#         115
  C:1806H         LINE#         116
  C:180BH         LINE#         117
  C:1810H         LINE#         118
  C:1815H         LINE#         119
  C:1819H         LINE#         120
  C:181EH         LINE#         121
  C:1823H         LINE#         122
  C:1828H         LINE#         123
  C:182DH         LINE#         124
  C:1832H         LINE#         125
  C:1837H         LINE#         126
  C:183CH         LINE#         127
  C:1841H         LINE#         128
  C:1846H         LINE#         130
  C:184BH         LINE#         131
  C:1850H         LINE#         132
  C:1855H         LINE#         133
  C:185AH         LINE#         135
  C:185FH         LINE#         136
  C:1864H         LINE#         137
  C:1869H         LINE#         138
  C:186EH         LINE#         139
  C:1873H         LINE#         140
  C:1878H         LINE#         141
  C:187DH         LINE#         142
  C:1882H         LINE#         143
  C:1887H         LINE#         144
  C:188CH         LINE#         145
  C:1891H         LINE#         146
  C:1896H         LINE#         147
  C:189BH         LINE#         148
BL51 BANKED LINKER/LOCATER V6.22                                                      06/20/2013  09:10:42  PAGE 9


  C:189FH         LINE#         149
  C:18A3H         LINE#         150
  C:18A8H         LINE#         151
  C:18ADH         LINE#         152
  C:18B2H         LINE#         153
  C:18B7H         LINE#         154
  C:18BCH         LINE#         155
  C:18C1H         LINE#         156
  C:18C6H         LINE#         157
  C:18CBH         LINE#         158
  C:18D0H         LINE#         159
  C:18D5H         LINE#         160
  C:18DAH         LINE#         161
  C:18DDH         LINE#         162
  C:18E2H         LINE#         163
  C:18E7H         LINE#         164
  C:18ECH         LINE#         165
  C:18F0H         LINE#         166
  C:18F4H         LINE#         167
  C:18F9H         LINE#         168
  C:18FEH         LINE#         170
  C:1903H         LINE#         171
  C:1908H         LINE#         172
  -------         ENDPROC       LCD_INIT
  -------         PROC          _LCD_CLEAR
  D:0004H         SYMBOL        Color
  -------         DO            
  X:0000H         SYMBOL        VH
  D:0001H         SYMBOL        VL
  D:0004H         SYMBOL        i
  D:0002H         SYMBOL        j
  -------         ENDDO         
  C:2264H         LINE#         177
  C:2266H         LINE#         178
  C:2266H         LINE#         181
  C:226BH         LINE#         182
  C:226DH         LINE#         183
  C:2282H         LINE#         184
  C:2282H         LINE#         185
  C:2282H         LINE#         186
  C:2285H         LINE#         187
  C:2285H         LINE#         188
  C:228DH         LINE#         189
  C:2292H         LINE#         191
  C:229DH         LINE#         193
  C:22A8H         LINE#         194
  -------         ENDPROC       _LCD_CLEAR
  -------         PROC          _SHOWHANZI
  X:0006H         SYMBOL        x
  X:0008H         SYMBOL        y
  X:000AH         SYMBOL        index
  -------         DO            
  X:000BH         SYMBOL        i
  X:000CH         SYMBOL        j
  X:000DH         SYMBOL        temp
  -------         ENDDO         
  C:1E25H         LINE#         197
BL51 BANKED LINKER/LOCATER V6.22                                                      06/20/2013  09:10:42  PAGE 10


  C:1E3AH         LINE#         198
  C:1E3AH         LINE#         200
  C:1E48H         LINE#         201
  C:1E74H         LINE#         202
  C:1E87H         LINE#         203
  C:1E8CH         LINE#         204
  C:1E8CH         LINE#         205
  C:1E9BH         LINE#         206
  C:1E9BH         LINE#         207
  C:1EC5H         LINE#         208
  C:1EC5H         LINE#         209
  C:1EC8H         LINE#         210
  C:1ECAH         LINE#         212
  C:1ECAH         LINE#         213
  C:1ED0H         LINE#         214
  C:1ED0H         LINE#         215
  C:1ED8H         LINE#         216
  C:1EE2H         LINE#         217
  C:1EEEH         LINE#         218
  -------         ENDPROC       _SHOWHANZI
  C:2149H         SYMBOL        L?0111
  C:214CH         SYMBOL        L?0112
  C:214DH         SYMBOL        L?0113
  -------         PROC          L?0110
  -------         ENDPROC       L?0110
  C:2149H         SYMBOL        L?0111
  C:214CH         SYMBOL        L?0112
  C:214DH         SYMBOL        L?0113
  -------         PROC          _LCD_DRAWPOINT
  D:0002H         SYMBOL        x
  D:0082H         SYMBOL        y
  C:215EH         LINE#         221
  C:2166H         LINE#         222
  C:2166H         LINE#         223
  C:217DH         LINE#         224
  -------         ENDPROC       _LCD_DRAWPOINT
  -------         PROC          _LCD_DRAWPOINT_BIG
  D:0002H         SYMBOL        x
  D:0082H         SYMBOL        y
  C:2188H         LINE#         228
  C:2190H         LINE#         229
  C:2190H         LINE#         230
  -------         ENDPROC       _LCD_DRAWPOINT_BIG
  -------         PROC          _LCD_FILL
  X:0000H         SYMBOL        xsta
  X:0002H         SYMBOL        ysta
  X:0004H         SYMBOL        xend
  X:0006H         SYMBOL        yend
  X:0008H         SYMBOL        color
  -------         DO            
  X:000AH         SYMBOL        i
  D:0002H         SYMBOL        j
  -------         ENDDO         
  C:20B5H         LINE#         235
  C:20C9H         LINE#         236
  C:20C9H         LINE#         238
  C:20DDH         LINE#         239
BL51 BANKED LINKER/LOCATER V6.22                                                      06/20/2013  09:10:42  PAGE 11


  C:2101H         LINE#         240
  C:2101H         LINE#         241
  C:2125H         LINE#         242
  C:2135H         LINE#         243
  -------         ENDPROC       _LCD_FILL
  -------         PROC          _LCD_DRAWLINE
  X:0008H         SYMBOL        x1
  X:000AH         SYMBOL        y1
  D:0002H         SYMBOL        x2
  X:000EH         SYMBOL        y2
  -------         DO            
  X:0010H         SYMBOL        t
  X:0012H         SYMBOL        xerr
  X:0014H         SYMBOL        yerr
  X:0016H         SYMBOL        delta_x
  X:0018H         SYMBOL        delta_y
  X:001AH         SYMBOL        distance
  X:001CH         SYMBOL        incx
  X:001EH         SYMBOL        incy
  X:0020H         SYMBOL        uRow
  X:0022H         SYMBOL        uCol
  -------         ENDDO         
  C:156AH         LINE#         247
  C:1578H         LINE#         248
  C:1578H         LINE#         250
  C:1583H         LINE#         253
  C:1598H         LINE#         254
  C:15B3H         LINE#         255
  C:15C2H         LINE#         256
  C:15C8H         LINE#         257
  C:15E4H         LINE#         258
  C:15F0H         LINE#         259
  C:1605H         LINE#         260
  C:1621H         LINE#         261
  C:162DH         LINE#         262
  C:1642H         LINE#         263
  C:1668H         LINE#         264
  C:166DH         LINE#         265
  C:1692H         LINE#         266
  C:1692H         LINE#         267
  C:16A3H         LINE#         268
  C:16B7H         LINE#         269
  C:16CBH         LINE#         270
  C:16E7H         LINE#         271
  C:16E7H         LINE#         272
  C:16F3H         LINE#         273
  C:1707H         LINE#         274
  C:1707H         LINE#         275
  C:1723H         LINE#         276
  C:1723H         LINE#         277
  C:172FH         LINE#         278
  C:1743H         LINE#         279
  C:1743H         LINE#         280
  C:1754H         LINE#         281
  -------         ENDPROC       _LCD_DRAWLINE
  -------         PROC          _LCD_DRAWRECTANGLE
  X:0000H         SYMBOL        x1
BL51 BANKED LINKER/LOCATER V6.22                                                      06/20/2013  09:10:42  PAGE 12


  X:0002H         SYMBOL        y1
  X:0004H         SYMBOL        x2
  X:0006H         SYMBOL        y2
  C:1EEFH         LINE#         283
  C:1F05H         LINE#         284
  C:1F05H         LINE#         285
  C:1F21H         LINE#         286
  C:1F48H         LINE#         287
  C:1F70H         LINE#         288
  -------         ENDPROC       _LCD_DRAWRECTANGLE
  -------         PROC          _DRAW_CIRCLE
  X:0000H         SYMBOL        x0
  X:0002H         SYMBOL        y0
  D:0003H         SYMBOL        r
  -------         DO            
  X:0004H         SYMBOL        a
  X:0006H         SYMBOL        b
  X:0008H         SYMBOL        di
  -------         ENDDO         
  C:1373H         LINE#         293
  C:1381H         LINE#         294
  C:1381H         LINE#         297
  C:1390H         LINE#         298
  C:13A4H         LINE#         299
  C:13C2H         LINE#         300
  C:13C2H         LINE#         301
  C:13E7H         LINE#         302
  C:1413H         LINE#         303
  C:142AH         LINE#         304
  C:1457H         LINE#         305
  C:1484H         LINE#         306
  C:149DH         LINE#         307
  C:14C9H         LINE#         308
  C:14CCH         LINE#         309
  C:14E7H         LINE#         310
  C:14F5H         LINE#         312
  C:1524H         LINE#         314
  C:1524H         LINE#         315
  C:1555H         LINE#         316
  C:1563H         LINE#         317
  C:1563H         LINE#         318
  C:1566H         LINE#         319
  C:1569H         LINE#         320
  -------         ENDPROC       _DRAW_CIRCLE
  -------         PROC          _LCD_SHOWCHAR
  X:000DH         SYMBOL        x
  X:000FH         SYMBOL        y
  X:0011H         SYMBOL        num
  X:0012H         SYMBOL        mode
  -------         DO            
  X:0013H         SYMBOL        temp
  D:0001H         SYMBOL        pos
  X:0014H         SYMBOL        t
  X:0015H         SYMBOL        x0
  X:0017H         SYMBOL        colortemp
  -------         ENDDO         
  C:1AA8H         LINE#         330
BL51 BANKED LINKER/LOCATER V6.22                                                      06/20/2013  09:10:42  PAGE 13


  C:1AB9H         LINE#         331
  C:1AB9H         LINE#         334
  C:1AC9H         LINE#         335
  C:1AD8H         LINE#         336
  C:1AF6H         LINE#         338
  C:1AFDH         LINE#         339
  C:1B29H         LINE#         340
  C:1B32H         LINE#         341
  C:1B32H         LINE#         342
  C:1B33H         LINE#         343
  C:1B33H         LINE#         344
  C:1B55H         LINE#         345
  C:1B58H         LINE#         346
  C:1B58H         LINE#         347
  C:1B64H         LINE#         348
  C:1B73H         LINE#         349
  C:1B79H         LINE#         350
  C:1B80H         LINE#         351
  C:1B8EH         LINE#         352
  C:1B9AH         LINE#         353
  C:1BA9H         LINE#         354
  C:1BB7H         LINE#         355
  C:1BC2H         LINE#         356
  C:1BC2H         LINE#         357
  C:1BC2H         LINE#         358
  C:1BC4H         LINE#         359
  C:1BC4H         LINE#         360
  C:1BE6H         LINE#         361
  C:1BF3H         LINE#         362
  C:1BF3H         LINE#         363
  C:1C19H         LINE#         364
  C:1C20H         LINE#         365
  C:1C26H         LINE#         366
  C:1C2BH         LINE#         367
  C:1C2BH         LINE#         368
  C:1C3AH         LINE#         369
  -------         ENDPROC       _LCD_SHOWCHAR
  -------         PROC          _MYPOW
  X:000CH         SYMBOL        m
  X:000DH         SYMBOL        n
  -------         DO            
  X:000EH         SYMBOL        result
  -------         ENDDO         
  C:21D4H         LINE#         371
  C:21DCH         LINE#         372
  C:21DCH         LINE#         373
  C:21E4H         LINE#         374
  C:220EH         LINE#         375
  C:221CH         LINE#         376
  -------         ENDPROC       _MYPOW
  -------         PROC          _LCD_SHOWNUM
  X:0000H         SYMBOL        x
  X:0002H         SYMBOL        y
  X:0004H         SYMBOL        num
  X:0008H         SYMBOL        len
  -------         DO            
  X:0009H         SYMBOL        t
BL51 BANKED LINKER/LOCATER V6.22                                                      06/20/2013  09:10:42  PAGE 14


  X:000AH         SYMBOL        temp
  X:000BH         SYMBOL        enshow
  -------         ENDDO         
  C:1D44H         LINE#         382
  C:1D52H         LINE#         383
  C:1D52H         LINE#         385
  C:1D57H         LINE#         386
  C:1D6AH         LINE#         387
  C:1D7EH         LINE#         388
  C:1D7EH         LINE#         389
  C:1DAFH         LINE#         390
  C:1DC0H         LINE#         391
  C:1DC0H         LINE#         392
  C:1DC4H         LINE#         393
  C:1DC4H         LINE#         394
  C:1DE6H         LINE#         395
  C:1DE8H         LINE#         396
  C:1DEEH         LINE#         398
  C:1DEEH         LINE#         399
  C:1E1BH         LINE#         400
  C:1E24H         LINE#         401
  -------         ENDPROC       _LCD_SHOWNUM
  -------         PROC          _LCD_SHOW2NUM
  X:0000H         SYMBOL        x
  X:0002H         SYMBOL        y
  X:0004H         SYMBOL        num
  X:0006H         SYMBOL        len
  -------         DO            
  X:0007H         SYMBOL        t
  X:0008H         SYMBOL        temp
  -------         ENDDO         
  C:202DH         LINE#         405
  C:2041H         LINE#         406
  C:2041H         LINE#         408
  C:2052H         LINE#         409
  C:2052H         LINE#         410
  C:2082H         LINE#         411
  C:20ACH         LINE#         412
  C:20B4H         LINE#         413
  -------         ENDPROC       _LCD_SHOW2NUM
  -------         PROC          _LCD_SHOWSTRING
  X:0006H         SYMBOL        x
  X:0008H         SYMBOL        y
  X:000AH         SYMBOL        p
  C:1F99H         LINE#         418
  C:1FB0H         LINE#         419
  C:1FB0H         LINE#         420
  C:1FC1H         LINE#         421
  C:1FC1H         LINE#         422
  C:1FE2H         LINE#         423
  C:1FFCH         LINE#         424
  C:2012H         LINE#         425
  C:2020H         LINE#         426
  C:202AH         LINE#         427
  C:202CH         LINE#         428
  -------         ENDPROC       _LCD_SHOWSTRING
  -------         ENDMOD        LCD
BL51 BANKED LINKER/LOCATER V6.22                                                      06/20/2013  09:10:42  PAGE 15



  -------         MODULE        SYS
  C:0000H         SYMBOL        _ICE_DUMMY_
  C:2322H         PUBLIC        _delayms
  -------         PROC          _DELAYMS
  D:0006H         SYMBOL        count
  -------         DO            
  D:0004H         SYMBOL        i
  D:0002H         SYMBOL        j
  -------         ENDDO         
  C:2322H         LINE#         4
  C:2322H         LINE#         5
  C:2322H         LINE#         7
  C:2332H         LINE#         8
  C:2347H         LINE#         9
  -------         ENDPROC       _DELAYMS
  -------         ENDMOD        SYS

  -------         MODULE        FONT
  C:0000H         SYMBOL        _ICE_DUMMY_
  C:0003H         PUBLIC        image
  C:0D83H         PUBLIC        asc2_1608
  C:0C83H         PUBLIC        hanzi
  -------         ENDMOD        FONT

  -------         MODULE        ?C?CLDPTR
  C:190DH         PUBLIC        ?C?CLDPTR
  -------         ENDMOD        ?C?CLDPTR

  -------         MODULE        ?C?IMUL
  C:1926H         PUBLIC        ?C?IMUL
  -------         ENDMOD        ?C?IMUL

  -------         MODULE        ?C?IILDX
  C:1938H         PUBLIC        ?C?IILDX
  -------         ENDMOD        ?C?IILDX

  -------         MODULE        ?C?LMUL
  C:194EH         PUBLIC        ?C?LMUL
  -------         ENDMOD        ?C?LMUL

  -------         MODULE        ?C?ULDIV
  C:19D9H         PUBLIC        ?C?ULDIV
  -------         ENDMOD        ?C?ULDIV

  -------         MODULE        ?C?LSTXDATA
  C:1A6BH         PUBLIC        ?C?LSTXDATA
  -------         ENDMOD        ?C?LSTXDATA

  -------         MODULE        ?C?LSTKXDATA
  C:1A77H         PUBLIC        ?C?LSTKXDATA
  -------         ENDMOD        ?C?LSTKXDATA

Program Size: data=10.0 xdata=48 code=9151
LINK/LOCATE RUN COMPLETE.  0 WARNING(S),  0 ERROR(S)
